---
fixture: "tests/snapshots/specs/typescript-eslint/restrict-plus-operands/bigint.ts"
rule: "@typescript-eslint/restrict-plus-operands"
---

# Input

```ts
export function example(a: bigint, b: bigint) { return a + b; }
export const result = 1n + 2n + 3n;
```

# Diagnostics

count: 0

# First fix pass

- fixed: false
- applied diagnostics: 0
