---
fixture: "tests/snapshots/specs/react-hooks/use-memo/upstream-error.invalid-useMemo-async-callback.js"
rule: "react-hooks/use-memo"
---

# Input

```js
function Component(a, b) {
  let x = useMemo(async () => {
    await a;
  }, []);
  return x;
}
```

# Diagnostics

count: 1

## Diagnostic 1

- rule: "react-hooks/use-memo"
- severity: "error"
- message: "useMemo callbacks must be synchronous and must not be async or generator functions."
- byte span: 45..75
- start: 2:19
- end: 4:4
- source: "async () => {\n    await a;\n  }"
- fixes: 0

# First fix pass

- fixed: false
- applied diagnostics: 0
